[osem.seagl.org/conferences/seagl2021/schedule.html]
[backblue.gif]
[fade.gif]
[index.html]
[osem.seagl.org/assets/application-6e4075274905bc4d487222d993520d9e8245a04156ba45d83b5fb014e61b05dc.css]
[osem.seagl.org/assets/application-db5163d8993fa2353167517a17af204f2a37e7db1a3490a4f24129f55de8adf2.js]
[osem.seagl.org/conferences/seagl2021/schedule/events.html]
[osem.seagl.org/conferences/seagl2021/program/proposals/869.html]
[secure.gravatar.com/avatar/9af4a47df179525225a7fd9524cf1fd48314.jpg]
[osem.seagl.org/conferences/seagl2021/program/proposals/865.html]
[secure.gravatar.com/avatar/82dc51302bf89a2af990211d043b00228314.jpg]
[osem.seagl.org/conferences/seagl2021/program/proposals/871.html]
[secure.gravatar.com/avatar/c7000583cc2d29dc0b69be41e9d28c3f8314.jpg]
[osem.seagl.org/conferences/seagl2021/program/proposals/836.html]
[secure.gravatar.com/avatar/9317e6d13f278aa7f44ae804cbb076578314.jpg]
[secure.gravatar.com/avatar/b32ae4ca7b2465cc5b642eed9c285b068314.jpeg]
[secure.gravatar.com/avatar/3e18e58f206ab70b6ebd6c8cde5a37c48314.png]
[osem.seagl.org/conferences/seagl2021/program/proposals/827.html]
[secure.gravatar.com/avatar/3a0b97dae73e7e0caef2caf1cbf360ae8314.jpeg]
[osem.seagl.org/conferences/seagl2021/program/proposals/824.html]
[secure.gravatar.com/avatar/ad818bec4900cb3354d2aa536a7bf2078314.jpeg]
[osem.seagl.org/conferences/seagl2021/program/proposals/832.html]
[secure.gravatar.com/avatar/26d7f047c161637f6f5459bfad4d5e328314.jpg]
[osem.seagl.org/conferences/seagl2021/program/proposals/841.html]
[secure.gravatar.com/avatar/e22b6ff68fa96ae5b60c4ad7f15ad77f8314.jpeg]
[osem.seagl.org/conferences/seagl2021/program/proposals/843.html]
[secure.gravatar.com/avatar/065b7d2a562b17aa9363ced59a0f65c38314.jpg]
[osem.seagl.org/conferences/seagl2021/program/proposals/868.html]
[osem.seagl.org/conferences/seagl2021/program/proposals/821.html]
[secure.gravatar.com/avatar/c0fe36ac77bf9a0ebe01f0b7844c8e7f8314.jpeg]
[osem.seagl.org/conferences/seagl2021/program/proposals/845.html]
[secure.gravatar.com/avatar/70cb87b9b541da81a7a7c0754e3544498314.jpeg]
[osem.seagl.org/conferences/seagl2021/program/proposals/834.html]
[secure.gravatar.com/avatar/b319f5fed942d643d22bf0f93aff0b488314.jpg]
[osem.seagl.org/conferences/seagl2021/program/proposals/854.html]
[osem.seagl.org/conferences/seagl2021/program/proposals/861.html]
[secure.gravatar.com/avatar/4fb9fa2a3376d59c42822c6ab1c8c4528314.jpeg]
[osem.seagl.org/conferences/seagl2021/program/proposals/867.html]
[osem.seagl.org/conferences/seagl2021/program/proposals/839.html]
[osem.seagl.org/conferences/seagl2021/program/proposals/851.html]
[secure.gravatar.com/avatar/2bdf820f298588fef18a33de5779836a8314.jpg]
[osem.seagl.org/conferences/seagl2021/program/proposals/848.html]
[secure.gravatar.com/avatar/b99976021558a1c2b5d4bdd9d7cb705a8314.png]
[osem.seagl.org/conferences/seagl2021/program/proposals/872.html]
[osem.seagl.org/conferences/seagl2021/program/proposals/873.html]
[secure.gravatar.com/avatar/6c6bed73e4f16627daa0fed7b258557b8314.jpg]
[osem.seagl.org/conferences/seagl2021/program/proposals/866.html]
[secure.gravatar.com/avatar/c76d19cb8f30e3715c6a74d1eff11f768314.jpg]
[osem.seagl.org/conferences/seagl2021/program/proposals/835.html]
[osem.seagl.org/conferences/seagl2021/program/proposals/818.html]
[osem.seagl.org/conferences/seagl2021/program/proposals/850.html]
[osem.seagl.org/conferences/seagl2021/program/proposals/874.html]
[osem.seagl.org/conferences/seagl2021/program/proposals/857.html]
[secure.gravatar.com/avatar/70389d5ad512ee877a07563d6e77d21b8314.jpg]
[secure.gravatar.com/avatar/4988362443cd5580aad017654d686d808314.jpg]
[osem.seagl.org/conferences/seagl2021/program/proposals/838.html]
[secure.gravatar.com/avatar/2ec3e7040a79f61be6642269eb1dd14c8314.jpeg]
[osem.seagl.org/conferences/seagl2021/program/proposals/829.html]
[secure.gravatar.com/avatar/941c5369d026e8477127343e9fa469698314.jpeg]
[osem.seagl.org/conferences/seagl2021/program/proposals/828.html]
[osem.seagl.org/conferences/seagl2021/program/proposals/846.html]
[secure.gravatar.com/avatar/8cef8520eec94d3ee2c088b43cbde46d8314.jpg]
[osem.seagl.org/conferences/seagl2021/program/proposals/858.html]
[secure.gravatar.com/avatar/c1d2ee04b413cf2fbbb4d639a1862d938314.jpg]
[osem.seagl.org/conferences/seagl2021/program/proposals/859.html]
[secure.gravatar.com/avatar/e49b70b058716dd9dea73a14a1d9856e8314.jpeg]
[osem.seagl.org/conferences/seagl2021/program/proposals/819.html]
[secure.gravatar.com/avatar/6806d30d722e44cb76a923ac271520478314.jpg]
[osem.seagl.org/conferences/seagl2021/program/proposals/816.html]
[secure.gravatar.com/avatar/1bd0535af8c211267661f9c5409b24588314.png]
[osem.seagl.org/conferences/seagl2021/program/proposals/844.html]
[secure.gravatar.com/avatar/8195966640ea2ea18d561f7a6c3b3b1f8314.jpeg]
[osem.seagl.org/conferences/seagl2021/program/proposals/856.html]
[secure.gravatar.com/avatar/ce97cc5a38992847cc85da5a47944d3a8314.png]
[osem.seagl.org/conferences/seagl2021/program/proposals/875.html]
[osem.seagl.org/conferences/seagl2021/program/proposals/870.html]
[osem.seagl.org/conferences/seagl2021/program/proposals/826.html]
[secure.gravatar.com/avatar/fb3e2d1700bfe111088261ed1613315d8314.jpeg]
[osem.seagl.org/conferences/seagl2021/program/proposals/822.html]
[secure.gravatar.com/avatar/b9351e1fff5dd1cdd2834c7813c4eaef8314.jpg]
[osem.seagl.org/conferences/seagl2021/program/proposals/849.html]
[secure.gravatar.com/avatar/b4307c1a73d64411b27238e6da5ccc1e8314.jpeg]
[osem.seagl.org/conferences/seagl2021/program/proposals/864.html]
[secure.gravatar.com/avatar/bdba5f528ac189c448ba674f1d3f02868314.jpg]
[osem.seagl.org/conferences/seagl2021/program/proposals/877.html]
[osem.seagl.org/conferences/seagl2021/program/proposals/878.html]
[osem.seagl.org/conferences/seagl2021/schedule.html]
[osem.seagl.org/conferences/seagl2021/schedule/app.html]
[osem.seagl.org/assets/bootstrap/glyphicons-halflings-regular-0805fb1fe24235f70a639f67514990e4bfb6d2cfb00ca563ad4b553c240ddc33.eot]
[osem.seagl.org/assets/bootstrap/glyphicons-halflings-regular-0805fb1fe24235f70a639f67514990e4bfb6d2cfb00ca563ad4b553c240ddc33d41d.eot]
[osem.seagl.org/assets/bootstrap/glyphicons-halflings-regular-403acfcf0cbaebd1c28b404eec442cea53642644b3a73f91c5a4ab46859af772.woff2]
[osem.seagl.org/assets/bootstrap/glyphicons-halflings-regular-0703369a358a012c0011843ae337a8a20270c336948a8668df5cb89a8827299b.woff]
[osem.seagl.org/assets/bootstrap/glyphicons-halflings-regular-7c9caa5f4e16169b0129fdf93c84e85ad14d6c107eb1b0ad60b542daf01ee1f0.ttf]
[osem.seagl.org/assets/bootstrap/glyphicons-halflings-regular-22d0c88a49d7d0ebe45627143a601061a32a46a9b9afd2dc7f457436f5f15f6e.svg]
[osem.seagl.org/assets/star-ecbbe89f89118c651ea71778d3f3631e5f576827e7e917cc1c78c9f72081d574.png]
[osem.seagl.org/assets/star-bright-315085a25f3ab65c0b07058ee187c99109ad347f109cf01b4a32451269222c2a.png]
[osem.seagl.org/assets/star-glow-26beb92844ef52e3883755425c41847446dcbd29306d9bf88c2d3675b9d15815.png]
[osem.seagl.org/assets/font-awesome/fa-solid-900-addc97d14257b43232b89194f73bd3b862007d5eedcb4569362b8f26356d8db3.woff2]
[osem.seagl.org/assets/font-awesome/fa-solid-900-a0cc38b88839387e4451bb1ebdd9ecd821b2df0f7fcd5b26df75630f4171ee32.ttf]
[osem.seagl.org/assets/font-awesome/fa-regular-400-6919b47939790fc2ab662fd09b22907c53f32d9a817eed0782e2fb3e7af24b5b.woff2]
[osem.seagl.org/assets/font-awesome/fa-regular-400-79a39b18a5524be800ab200fbedebf7f737a316f01b874fe42b005fda10a6f11.ttf]
[osem.seagl.org/assets/font-awesome/fa-brands-400-e624f952dec1ac1e2673205a87513cab83c4a0d187b08528a5ff0c36d9b1e090.woff2]
[osem.seagl.org/assets/font-awesome/fa-brands-400-d6e9a2e4cad853a5a88711678db47de7456f36b30923f8350f55c41434809ba8.ttf]
[osem.seagl.org/assets/layers-0e356f4d554162eb71f127f50460dbc55d405027189ebe90b20729ef18d13d36.png]
[osem.seagl.org/assets/layers-2x-ba8fa601e413b14db27db07285ade3951721e02244c31523284ab2d1ed53c3dc.png]
[osem.seagl.org/assets/marker-icon-3d253116ec4ba0e1f22a01cdf1ff7f120fa4d89a6cd0933d68f12951d19809b4.png]
[osem.seagl.org/assets/application-6e4075274905bc4d487222d993520d9e8245a04156ba45d83b5fb014e61b05dc.css]
[osem.seagl.org/conferences/seagl2021/schedule/events.html]
[secure.gravatar.com/avatar/9af4a47df179525225a7fd9524cf1fd463d4.jpg]
[osem.seagl.org/conferences/seagl2021/program/proposals/869.html]
[secure.gravatar.com/avatar/82dc51302bf89a2af990211d043b002263d4.jpg]
[osem.seagl.org/conferences/seagl2021/program/proposals/865.html]
[secure.gravatar.com/avatar/c7000583cc2d29dc0b69be41e9d28c3f63d4.jpg]
[osem.seagl.org/conferences/seagl2021/program/proposals/871.html]
[secure.gravatar.com/avatar/9317e6d13f278aa7f44ae804cbb0765763d4.jpg]
[secure.gravatar.com/avatar/b32ae4ca7b2465cc5b642eed9c285b0663d4.jpeg]
[secure.gravatar.com/avatar/3e18e58f206ab70b6ebd6c8cde5a37c463d4.png]
[osem.seagl.org/conferences/seagl2021/program/proposals/836.html]
[secure.gravatar.com/avatar/3a0b97dae73e7e0caef2caf1cbf360ae63d4.jpeg]
[osem.seagl.org/conferences/seagl2021/program/proposals/827.html]
[secure.gravatar.com/avatar/ad818bec4900cb3354d2aa536a7bf20763d4.jpeg]
[osem.seagl.org/conferences/seagl2021/program/proposals/824.html]
[secure.gravatar.com/avatar/26d7f047c161637f6f5459bfad4d5e3263d4.jpg]
[osem.seagl.org/conferences/seagl2021/program/proposals/832.html]
[secure.gravatar.com/avatar/e22b6ff68fa96ae5b60c4ad7f15ad77f63d4.jpeg]
[osem.seagl.org/conferences/seagl2021/program/proposals/841.html]
[secure.gravatar.com/avatar/065b7d2a562b17aa9363ced59a0f65c363d4.jpg]
[osem.seagl.org/conferences/seagl2021/program/proposals/843.html]
[osem.seagl.org/conferences/seagl2021/program/proposals/868.html]
[secure.gravatar.com/avatar/c0fe36ac77bf9a0ebe01f0b7844c8e7f63d4.jpeg]
[osem.seagl.org/conferences/seagl2021/program/proposals/821.html]
[secure.gravatar.com/avatar/70cb87b9b541da81a7a7c0754e35444963d4.jpeg]
[osem.seagl.org/conferences/seagl2021/program/proposals/845.html]
[secure.gravatar.com/avatar/b319f5fed942d643d22bf0f93aff0b4863d4.jpg]
[osem.seagl.org/conferences/seagl2021/program/proposals/834.html]
[osem.seagl.org/conferences/seagl2021/program/proposals/854.html]
[secure.gravatar.com/avatar/4fb9fa2a3376d59c42822c6ab1c8c45263d4.jpeg]
[osem.seagl.org/conferences/seagl2021/program/proposals/861.html]
[osem.seagl.org/conferences/seagl2021/program/proposals/867.html]
[osem.seagl.org/conferences/seagl2021/program/proposals/839.html]
[secure.gravatar.com/avatar/2bdf820f298588fef18a33de5779836a63d4.jpg]
[osem.seagl.org/conferences/seagl2021/program/proposals/851.html]
[secure.gravatar.com/avatar/b99976021558a1c2b5d4bdd9d7cb705a63d4.png]
[osem.seagl.org/conferences/seagl2021/program/proposals/848.html]
[osem.seagl.org/conferences/seagl2021/program/proposals/872.html]
[osem.seagl.org/conferences/seagl2021/program/proposals/873.html]
[secure.gravatar.com/avatar/6c6bed73e4f16627daa0fed7b258557b63d4.jpg]
[osem.seagl.org/conferences/seagl2021/program/proposals/866.html]
[secure.gravatar.com/avatar/c76d19cb8f30e3715c6a74d1eff11f7663d4.jpg]
[osem.seagl.org/conferences/seagl2021/program/proposals/835.html]
[osem.seagl.org/conferences/seagl2021/program/proposals/818.html]
[osem.seagl.org/conferences/seagl2021/program/proposals/850.html]
[osem.seagl.org/conferences/seagl2021/program/proposals/874.html]
[secure.gravatar.com/avatar/70389d5ad512ee877a07563d6e77d21b63d4.jpg]
[secure.gravatar.com/avatar/4988362443cd5580aad017654d686d8063d4.jpg]
[osem.seagl.org/conferences/seagl2021/program/proposals/857.html]
[secure.gravatar.com/avatar/2ec3e7040a79f61be6642269eb1dd14c63d4.jpeg]
[osem.seagl.org/conferences/seagl2021/program/proposals/838.html]
[secure.gravatar.com/avatar/941c5369d026e8477127343e9fa4696963d4.jpeg]
[osem.seagl.org/conferences/seagl2021/program/proposals/829.html]
[osem.seagl.org/conferences/seagl2021/program/proposals/828.html]
[secure.gravatar.com/avatar/8cef8520eec94d3ee2c088b43cbde46d63d4.jpg]
[osem.seagl.org/conferences/seagl2021/program/proposals/846.html]
[secure.gravatar.com/avatar/c1d2ee04b413cf2fbbb4d639a1862d9363d4.jpg]
[osem.seagl.org/conferences/seagl2021/program/proposals/858.html]
[secure.gravatar.com/avatar/e49b70b058716dd9dea73a14a1d9856e63d4.jpeg]
[osem.seagl.org/conferences/seagl2021/program/proposals/859.html]
[secure.gravatar.com/avatar/6806d30d722e44cb76a923ac2715204763d4.jpg]
[osem.seagl.org/conferences/seagl2021/program/proposals/819.html]
[secure.gravatar.com/avatar/1bd0535af8c211267661f9c5409b245863d4.png]
[osem.seagl.org/conferences/seagl2021/program/proposals/816.html]
[secure.gravatar.com/avatar/8195966640ea2ea18d561f7a6c3b3b1f63d4.jpeg]
[osem.seagl.org/conferences/seagl2021/program/proposals/844.html]
[secure.gravatar.com/avatar/ce97cc5a38992847cc85da5a47944d3a63d4.png]
[osem.seagl.org/conferences/seagl2021/program/proposals/856.html]
[osem.seagl.org/conferences/seagl2021/program/proposals/875.html]
[osem.seagl.org/conferences/seagl2021/program/proposals/870.html]
[secure.gravatar.com/avatar/fb3e2d1700bfe111088261ed1613315d63d4.jpeg]
[osem.seagl.org/conferences/seagl2021/program/proposals/826.html]
[secure.gravatar.com/avatar/b9351e1fff5dd1cdd2834c7813c4eaef63d4.jpg]
[osem.seagl.org/conferences/seagl2021/program/proposals/822.html]
[secure.gravatar.com/avatar/b4307c1a73d64411b27238e6da5ccc1e63d4.jpeg]
[osem.seagl.org/conferences/seagl2021/program/proposals/849.html]
[secure.gravatar.com/avatar/bdba5f528ac189c448ba674f1d3f028663d4.jpg]
[osem.seagl.org/conferences/seagl2021/program/proposals/864.html]
[osem.seagl.org/conferences/seagl2021/program/proposals/877.html]
[osem.seagl.org/conferences/seagl2021/program/proposals/878.html]
[fdroid.gitlab.io/artwork/badge/get-it-on.png]
[osem.seagl.org/conferences/seagl2021/schedule/app.html]
[osem.seagl.org/assets/bootstrap/glyphicons-halflings-regular-22d0c88a49d7d0ebe45627143a601061a32a46a9b9afd2dc7f457436f5f15f6e.svg]
[osem.seagl.org/conferences/seagl2021/schedule.xml]
